// Jest Snapshot v1, https://goo.gl/fbAQLP

exports[`renders without crashing 1`] = `
<BrowserRouter>
  <Redirect
    exact={true}
    from="/"
    to="/login"
  />
  <Route
    component={[Function]}
    path="/login"
  />
  <Route
    component={[Function]}
    path="/chatWindow"
  />
</BrowserRouter>
`;
